// Jest Snapshot v1, https://goo.gl/fbAQLP

exports[`rootReducer rootReducer invoked without crashing 1`] = `[Function]`;
